// Jest Snapshot v1, https://goo.gl/fbAQLP

exports[`redisMiddleware should set a functional redis on context 1`] = `
Object {
  "blob": "yes",
}
`;
